ðŸŒŸ This was machine generated.  Do not edit. ðŸŒŸ

Frame[0] 
Name: pull_requests
Dimensions: 14 Fields by 2 Rows
+----------------+----------------+--------------------+--------------------+----------------------+--------------+----------------+--------------+--------------+-----------------+--------------------+---------------------------------+---------------------------------+---------------------------------+
| Name: title    | Name: state    | Name: author_login | Name: author_email | Name: author_company | Name: closed | Name: is_draft | Name: locked | Name: merged | Name: mergeable | Name: closed_at    | Name: merged_at                 | Name: updated_at                | Name: created_at                |
| Labels:        | Labels:        | Labels:            | Labels:            | Labels:              | Labels:      | Labels:        | Labels:      | Labels:      | Labels:         | Labels:            | Labels:                         | Labels:                         | Labels:                         |
| Type: []string | Type: []string | Type: []string     | Type: []string     | Type: []string       | Type: []bool | Type: []bool   | Type: []bool | Type: []bool | Type: []string  | Type: []*time.Time | Type: []*time.Time              | Type: []time.Time               | Type: []time.Time               |
+----------------+----------------+--------------------+--------------------+----------------------+--------------+----------------+--------------+--------------+-----------------+--------------------+---------------------------------+---------------------------------+---------------------------------+
| PullRequest #1 | OPEN           | testUser           | user@example.com   | ACME corp            | false        | false          | false        | false        | MERGEABLE       | null               | null                            | 2020-08-25 16:21:56 +0000 +0000 | 2020-08-25 16:21:56 +0000 +0000 |
| PullRequest #2 | OPEN           | testUser2          | user2@example.com  | ACME corp            | true         | false          | false        | true         | MERGEABLE       | null               | 2020-08-25 18:21:56 +0000 +0000 | 2020-08-25 18:21:56 +0000 +0000 | 2020-08-25 16:21:56 +0000 +0000 |
+----------------+----------------+--------------------+--------------------+----------------------+--------------+----------------+--------------+--------------+-----------------+--------------------+---------------------------------+---------------------------------+---------------------------------+


====== TEST DATA RESPONSE (arrow base64) ======
FRAME=QVJST1cxAAD/////QAYAABAAAAAAAAoADgAMAAsABAAKAAAAFAAAAAAAAAEDAAoADAAAAAgABAAKAAAACAAAAFwAAAACAAAAKAAAAAQAAABI+v//CAAAAAwAAAAAAAAAAAAAAAUAAAByZWZJZAAAAGj6//8IAAAAGAAAAA0AAABwdWxsX3JlcXVlc3RzAAAABAAAAG5hbWUAAAAADgAAAEgFAADcBAAAcAQAAAQEAACYAwAAPAMAANgCAAB8AgAAIAIAALwBAABMAQAA1AAAAGwAAAAEAAAAAvv//xQAAABAAAAAQAAAAAAAAApAAAAAAQAAAAQAAADw+v//CAAAABQAAAAKAAAAY3JlYXRlZF9hdAAABAAAAG5hbWUAAAAAAAAAAML+//8AAAMACgAAAGNyZWF0ZWRfYXQAAGb7//8UAAAAQAAAAEAAAAAAAAAKQAAAAAEAAAAEAAAAVPv//wgAAAAUAAAACgAAAHVwZGF0ZWRfYXQAAAQAAABuYW1lAAAAAAAAAAAm////AAADAAoAAAB1cGRhdGVkX2F0AACe////FAAAAEAAAABAAAAAAAAKAUAAAAABAAAABAAAALj7//8IAAAAFAAAAAkAAABtZXJnZWRfYXQAAAAEAAAAbmFtZQAAAAAAAAAAiv///wAAAwAJAAAAbWVyZ2VkX2F0ABIAGAAUABMAEgAMAAAACAAEABIAAAAUAAAAQAAAAEgAAAAAAAoBSAAAAAEAAAAEAAAALPz//wgAAAAUAAAACQAAAGNsb3NlZF9hdAAAAAQAAABuYW1lAAAAAAAAAAAAAAYACAAGAAYAAAAAAAMACQAAAGNsb3NlZF9hdAAAAKr8//8UAAAAQAAAAEAAAAAAAAAFPAAAAAEAAAAEAAAAmPz//wgAAAAUAAAACQAAAG1lcmdlYWJsZQAAAAQAAABuYW1lAAAAAAAAAACU/P//CQAAAG1lcmdlYWJsZQAAAAr9//8UAAAAPAAAADwAAAAAAAAGOAAAAAEAAAAEAAAA+Pz//wgAAAAQAAAABgAAAG1lcmdlZAAABAAAAG5hbWUAAAAAAAAAAPD8//8GAAAAbWVyZ2VkAABi/f//FAAAADwAAAA8AAAAAAAABjgAAAABAAAABAAAAFD9//8IAAAAEAAAAAYAAABsb2NrZWQAAAQAAABuYW1lAAAAAAAAAABI/f//BgAAAGxvY2tlZAAAuv3//xQAAABAAAAAQAAAAAAAAAY8AAAAAQAAAAQAAACo/f//CAAAABQAAAAIAAAAaXNfZHJhZnQAAAAABAAAAG5hbWUAAAAAAAAAAKT9//8IAAAAaXNfZHJhZnQAAAAAGv7//xQAAAA8AAAAPAAAAAAAAAY4AAAAAQAAAAQAAAAI/v//CAAAABAAAAAGAAAAY2xvc2VkAAAEAAAAbmFtZQAAAAAAAAAAAP7//wYAAABjbG9zZWQAAHL+//8UAAAARAAAAEQAAAAAAAAFQAAAAAEAAAAEAAAAYP7//wgAAAAYAAAADgAAAGF1dGhvcl9jb21wYW55AAAEAAAAbmFtZQAAAAAAAAAAYP7//w4AAABhdXRob3JfY29tcGFueQAA2v7//xQAAABEAAAARAAAAAAAAAVAAAAAAQAAAAQAAADI/v//CAAAABgAAAAMAAAAYXV0aG9yX2VtYWlsAAAAAAQAAABuYW1lAAAAAAAAAADI/v//DAAAAGF1dGhvcl9lbWFpbAAAAABC////FAAAAEQAAABEAAAAAAAABUAAAAABAAAABAAAADD///8IAAAAGAAAAAwAAABhdXRob3JfbG9naW4AAAAABAAAAG5hbWUAAAAAAAAAADD///8MAAAAYXV0aG9yX2xvZ2luAAAAAKr///8UAAAAPAAAADwAAAAAAAAFOAAAAAEAAAAEAAAAmP///wgAAAAQAAAABQAAAHN0YXRlAAAABAAAAG5hbWUAAAAAAAAAAJD///8FAAAAc3RhdGUAEgAYABQAAAATAAwAAAAIAAQAEgAAABQAAABEAAAASAAAAAAAAAVEAAAAAQAAAAwAAAAIAAwACAAEAAgAAAAIAAAAEAAAAAUAAAB0aXRsZQAAAAQAAABuYW1lAAAAAAAAAAAEAAQABAAAAAUAAAB0aXRsZQAAAAAAAAD/////WAMAABQAAAAAAAAADAAWABQAEwAMAAQADAAAAGgBAAAAAAAAFAAAAAAAAAMDAAoAGAAMAAgABAAKAAAAFAAAADgCAAACAAAAAAAAAAAAAAAiAAAAAAAAAAAAAAAAAAAAAAAAAAAAAAAAAAAAEAAAAAAAAAAQAAAAAAAAACAAAAAAAAAAMAAAAAAAAAAAAAAAAAAAADAAAAAAAAAAEAAAAAAAAABAAAAAAAAAAAgAAAAAAAAASAAAAAAAAAAAAAAAAAAAAEgAAAAAAAAAEAAAAAAAAABYAAAAAAAAABgAAAAAAAAAcAAAAAAAAAAAAAAAAAAAAHAAAAAAAAAAEAAAAAAAAACAAAAAAAAAACgAAAAAAAAAqAAAAAAAAAAAAAAAAAAAAKgAAAAAAAAAEAAAAAAAAAC4AAAAAAAAABgAAAAAAAAA0AAAAAAAAAAAAAAAAAAAANAAAAAAAAAACAAAAAAAAADYAAAAAAAAAAAAAAAAAAAA2AAAAAAAAAAIAAAAAAAAAOAAAAAAAAAAAAAAAAAAAADgAAAAAAAAAAgAAAAAAAAA6AAAAAAAAAAAAAAAAAAAAOgAAAAAAAAACAAAAAAAAADwAAAAAAAAAAAAAAAAAAAA8AAAAAAAAAAQAAAAAAAAAAABAAAAAAAAGAAAAAAAAAAYAQAAAAAAAAgAAAAAAAAAIAEAAAAAAAAQAAAAAAAAADABAAAAAAAACAAAAAAAAAA4AQAAAAAAABAAAAAAAAAASAEAAAAAAAAAAAAAAAAAAEgBAAAAAAAAEAAAAAAAAABYAQAAAAAAAAAAAAAAAAAAWAEAAAAAAAAQAAAAAAAAAAAAAAAOAAAAAgAAAAAAAAAAAAAAAAAAAAIAAAAAAAAAAAAAAAAAAAACAAAAAAAAAAAAAAAAAAAAAgAAAAAAAAAAAAAAAAAAAAIAAAAAAAAAAAAAAAAAAAACAAAAAAAAAAAAAAAAAAAAAgAAAAAAAAAAAAAAAAAAAAIAAAAAAAAAAAAAAAAAAAACAAAAAAAAAAAAAAAAAAAAAgAAAAAAAAAAAAAAAAAAAAIAAAAAAAAAAgAAAAAAAAACAAAAAAAAAAEAAAAAAAAAAgAAAAAAAAAAAAAAAAAAAAIAAAAAAAAAAAAAAAAAAAAAAAAADgAAABwAAAAAAAAAUHVsbFJlcXVlc3QgIzFQdWxsUmVxdWVzdCAjMgAAAAAAAAAABAAAAAgAAAAAAAAAT1BFTk9QRU4AAAAACAAAABEAAAAAAAAAdGVzdFVzZXJ0ZXN0VXNlcjIAAAAAAAAAAAAAABAAAAAhAAAAAAAAAHVzZXJAZXhhbXBsZS5jb211c2VyMkBleGFtcGxlLmNvbQAAAAAAAAAAAAAACQAAABIAAAAAAAAAQUNNRSBjb3JwQUNNRSBjb3JwAAAAAAAAAgAAAAAAAAAAAAAAAAAAAAAAAAAAAAAAAgAAAAAAAAAAAAAACQAAABIAAAAAAAAATUVSR0VBQkxFTUVSR0VBQkxFAAAAAAAAAAAAAAAAAAAAAAAAAAAAAAAAAAAAAAAAAgAAAAAAAAAAAAAAAAAAAACoXhTilS4WAGjtslWPLhYAqF4U4pUuFgBo7bJVjy4WAGjtslWPLhYQAAAADAAUABIADAAIAAQADAAAABAAAAAsAAAAOAAAAAAAAwABAAAAUAYAAAAAAABgAwAAAAAAAGgBAAAAAAAAAAAAAAAAAAAAAAoADAAAAAgABAAKAAAACAAAAFwAAAACAAAAKAAAAAQAAABI+v//CAAAAAwAAAAAAAAAAAAAAAUAAAByZWZJZAAAAGj6//8IAAAAGAAAAA0AAABwdWxsX3JlcXVlc3RzAAAABAAAAG5hbWUAAAAADgAAAEgFAADcBAAAcAQAAAQEAACYAwAAPAMAANgCAAB8AgAAIAIAALwBAABMAQAA1AAAAGwAAAAEAAAAAvv//xQAAABAAAAAQAAAAAAAAApAAAAAAQAAAAQAAADw+v//CAAAABQAAAAKAAAAY3JlYXRlZF9hdAAABAAAAG5hbWUAAAAAAAAAAML+//8AAAMACgAAAGNyZWF0ZWRfYXQAAGb7//8UAAAAQAAAAEAAAAAAAAAKQAAAAAEAAAAEAAAAVPv//wgAAAAUAAAACgAAAHVwZGF0ZWRfYXQAAAQAAABuYW1lAAAAAAAAAAAm////AAADAAoAAAB1cGRhdGVkX2F0AACe////FAAAAEAAAABAAAAAAAAKAUAAAAABAAAABAAAALj7//8IAAAAFAAAAAkAAABtZXJnZWRfYXQAAAAEAAAAbmFtZQAAAAAAAAAAiv///wAAAwAJAAAAbWVyZ2VkX2F0ABIAGAAUABMAEgAMAAAACAAEABIAAAAUAAAAQAAAAEgAAAAAAAoBSAAAAAEAAAAEAAAALPz//wgAAAAUAAAACQAAAGNsb3NlZF9hdAAAAAQAAABuYW1lAAAAAAAAAAAAAAYACAAGAAYAAAAAAAMACQAAAGNsb3NlZF9hdAAAAKr8//8UAAAAQAAAAEAAAAAAAAAFPAAAAAEAAAAEAAAAmPz//wgAAAAUAAAACQAAAG1lcmdlYWJsZQAAAAQAAABuYW1lAAAAAAAAAACU/P//CQAAAG1lcmdlYWJsZQAAAAr9//8UAAAAPAAAADwAAAAAAAAGOAAAAAEAAAAEAAAA+Pz//wgAAAAQAAAABgAAAG1lcmdlZAAABAAAAG5hbWUAAAAAAAAAAPD8//8GAAAAbWVyZ2VkAABi/f//FAAAADwAAAA8AAAAAAAABjgAAAABAAAABAAAAFD9//8IAAAAEAAAAAYAAABsb2NrZWQAAAQAAABuYW1lAAAAAAAAAABI/f//BgAAAGxvY2tlZAAAuv3//xQAAABAAAAAQAAAAAAAAAY8AAAAAQAAAAQAAACo/f//CAAAABQAAAAIAAAAaXNfZHJhZnQAAAAABAAAAG5hbWUAAAAAAAAAAKT9//8IAAAAaXNfZHJhZnQAAAAAGv7//xQAAAA8AAAAPAAAAAAAAAY4AAAAAQAAAAQAAAAI/v//CAAAABAAAAAGAAAAY2xvc2VkAAAEAAAAbmFtZQAAAAAAAAAAAP7//wYAAABjbG9zZWQAAHL+//8UAAAARAAAAEQAAAAAAAAFQAAAAAEAAAAEAAAAYP7//wgAAAAYAAAADgAAAGF1dGhvcl9jb21wYW55AAAEAAAAbmFtZQAAAAAAAAAAYP7//w4AAABhdXRob3JfY29tcGFueQAA2v7//xQAAABEAAAARAAAAAAAAAVAAAAAAQAAAAQAAADI/v//CAAAABgAAAAMAAAAYXV0aG9yX2VtYWlsAAAAAAQAAABuYW1lAAAAAAAAAADI/v//DAAAAGF1dGhvcl9lbWFpbAAAAABC////FAAAAEQAAABEAAAAAAAABUAAAAABAAAABAAAADD///8IAAAAGAAAAAwAAABhdXRob3JfbG9naW4AAAAABAAAAG5hbWUAAAAAAAAAADD///8MAAAAYXV0aG9yX2xvZ2luAAAAAKr///8UAAAAPAAAADwAAAAAAAAFOAAAAAEAAAAEAAAAmP///wgAAAAQAAAABQAAAHN0YXRlAAAABAAAAG5hbWUAAAAAAAAAAJD///8FAAAAc3RhdGUAEgAYABQAAAATAAwAAAAIAAQAEgAAABQAAABEAAAASAAAAAAAAAVEAAAAAQAAAAwAAAAIAAwACAAEAAgAAAAIAAAAEAAAAAUAAAB0aXRsZQAAAAQAAABuYW1lAAAAAAAAAAAEAAQABAAAAAUAAAB0aXRsZQAAAGgGAABBUlJPVzE=
