ðŸŒŸ This was machine generated.  Do not edit. ðŸŒŸ

Frame[0] 
Name: tags
Dimensions: 8 Fields by 2 Rows
+----------------+----------------+----------------+--------------------+--------------------+----------------------+---------------------------------+---------------------------------+
| Name: name     | Name: id       | Name: author   | Name: author_login | Name: author_email | Name: author_company | Name: commited_at               | Name: pushed_at                 |
| Labels:        | Labels:        | Labels:        | Labels:            | Labels:            | Labels:              | Labels:                         | Labels:                         |
| Type: []string | Type: []string | Type: []string | Type: []string     | Type: []string     | Type: []string       | Type: []time.Time               | Type: []time.Time               |
+----------------+----------------+----------------+--------------------+--------------------+----------------------+---------------------------------+---------------------------------+
|                |                | firstCommitter | firstCommitter     | first@example.com  | ACME Corp            | 2020-08-25 16:21:56 +0000 +0000 | 2020-08-25 16:23:56 +0000 +0000 |
|                |                | firstCommitter | firstCommitter     | first@example.com  | ACME Corp            | 2020-08-25 17:21:56 +0000 +0000 | 2020-08-25 18:21:56 +0000 +0000 |
+----------------+----------------+----------------+--------------------+--------------------+----------------------+---------------------------------+---------------------------------+


====== TEST DATA RESPONSE (arrow base64) ======
FRAME=QVJST1cxAAD/////0AMAABAAAAAAAAoADgAMAAsABAAKAAAAFAAAAAAAAAEDAAoADAAAAAgABAAKAAAACAAAAFQAAAACAAAAKAAAAAQAAAC0/P//CAAAAAwAAAAAAAAAAAAAAAUAAAByZWZJZAAAANT8//8IAAAAEAAAAAQAAAB0YWdzAAAAAAQAAABuYW1lAAAAAAgAAADkAgAAfAIAACACAAC0AQAASAEAANwAAABsAAAABAAAAE79//8UAAAAQAAAAEAAAAAAAAAKQAAAAAEAAAAEAAAAPP3//wgAAAAUAAAACQAAAHB1c2hlZF9hdAAAAAQAAABuYW1lAAAAAAAAAACa////AAADAAkAAABwdXNoZWRfYXQAAACy/f//FAAAAEAAAABIAAAAAAAACkgAAAABAAAABAAAAKD9//8IAAAAFAAAAAsAAABjb21taXRlZF9hdAAEAAAAbmFtZQAAAAAAAAAAAAAGAAgABgAGAAAAAAADAAsAAABjb21taXRlZF9hdAAe/v//FAAAAEQAAABEAAAAAAAABUAAAAABAAAABAAAAAz+//8IAAAAGAAAAA4AAABhdXRob3JfY29tcGFueQAABAAAAG5hbWUAAAAAAAAAAAz+//8OAAAAYXV0aG9yX2NvbXBhbnkAAIb+//8UAAAARAAAAEQAAAAAAAAFQAAAAAEAAAAEAAAAdP7//wgAAAAYAAAADAAAAGF1dGhvcl9lbWFpbAAAAAAEAAAAbmFtZQAAAAAAAAAAdP7//wwAAABhdXRob3JfZW1haWwAAAAA7v7//xQAAABEAAAARAAAAAAAAAVAAAAAAQAAAAQAAADc/v//CAAAABgAAAAMAAAAYXV0aG9yX2xvZ2luAAAAAAQAAABuYW1lAAAAAAAAAADc/v//DAAAAGF1dGhvcl9sb2dpbgAAAABW////FAAAADwAAAA8AAAAAAAABTgAAAABAAAABAAAAET///8IAAAAEAAAAAYAAABhdXRob3IAAAQAAABuYW1lAAAAAAAAAAA8////BgAAAGF1dGhvcgAArv///xQAAAA4AAAAOAAAAAAAAAU0AAAAAQAAAAQAAACc////CAAAAAwAAAACAAAAaWQAAAQAAABuYW1lAAAAAAAAAACQ////AgAAAGlkAAAAABIAGAAUAAAAEwAMAAAACAAEABIAAAAUAAAARAAAAEgAAAAAAAAFRAAAAAEAAAAMAAAACAAMAAgABAAIAAAACAAAABAAAAAEAAAAbmFtZQAAAAAEAAAAbmFtZQAAAAAAAAAABAAEAAQAAAAEAAAAbmFtZQAAAAD/////OAIAABQAAAAAAAAADAAWABQAEwAMAAQADAAAAAABAAAAAAAAFAAAAAAAAAMDAAoAGAAMAAgABAAKAAAAFAAAAHgBAAACAAAAAAAAAAAAAAAWAAAAAAAAAAAAAAAAAAAAAAAAAAAAAAAAAAAAEAAAAAAAAAAQAAAAAAAAAAAAAAAAAAAAEAAAAAAAAAAAAAAAAAAAABAAAAAAAAAAEAAAAAAAAAAgAAAAAAAAAAAAAAAAAAAAIAAAAAAAAAAAAAAAAAAAACAAAAAAAAAAEAAAAAAAAAAwAAAAAAAAACAAAAAAAAAAUAAAAAAAAAAAAAAAAAAAAFAAAAAAAAAAEAAAAAAAAABgAAAAAAAAACAAAAAAAAAAgAAAAAAAAAAAAAAAAAAAAIAAAAAAAAAAEAAAAAAAAACQAAAAAAAAACgAAAAAAAAAuAAAAAAAAAAAAAAAAAAAALgAAAAAAAAAEAAAAAAAAADIAAAAAAAAABgAAAAAAAAA4AAAAAAAAAAAAAAAAAAAAOAAAAAAAAAAEAAAAAAAAADwAAAAAAAAAAAAAAAAAAAA8AAAAAAAAAAQAAAAAAAAAAAAAAAIAAAAAgAAAAAAAAAAAAAAAAAAAAIAAAAAAAAAAAAAAAAAAAACAAAAAAAAAAAAAAAAAAAAAgAAAAAAAAAAAAAAAAAAAAIAAAAAAAAAAAAAAAAAAAACAAAAAAAAAAAAAAAAAAAAAgAAAAAAAAAAAAAAAAAAAAIAAAAAAAAAAAAAAAAAAAAAAAAAAAAAAAAAAAAAAAAAAAAAAAAAAAAAAAAAAAAAAAAAAAAOAAAAHAAAAAAAAABmaXJzdENvbW1pdHRlcmZpcnN0Q29tbWl0dGVyAAAAAAAAAAAOAAAAHAAAAAAAAABmaXJzdENvbW1pdHRlcmZpcnN0Q29tbWl0dGVyAAAAAAAAAAARAAAAIgAAAAAAAABmaXJzdEBleGFtcGxlLmNvbWZpcnN0QGV4YW1wbGUuY29tAAAAAAAAAAAAAAkAAAASAAAAAAAAAEFDTUUgQ29ycEFDTUUgQ29ycAAAAAAAAABo7bJVjy4WAAim45uSLhYAGHyjcY8uFgCoXhTilS4WEAAAAAwAFAASAAwACAAEAAwAAAAQAAAALAAAADwAAAAAAAMAAQAAAOADAAAAAAAAQAIAAAAAAAAAAQAAAAAAAAAAAAAAAAAAAAAAAAAACgAMAAAACAAEAAoAAAAIAAAAVAAAAAIAAAAoAAAABAAAALT8//8IAAAADAAAAAAAAAAAAAAABQAAAHJlZklkAAAA1Pz//wgAAAAQAAAABAAAAHRhZ3MAAAAABAAAAG5hbWUAAAAACAAAAOQCAAB8AgAAIAIAALQBAABIAQAA3AAAAGwAAAAEAAAATv3//xQAAABAAAAAQAAAAAAAAApAAAAAAQAAAAQAAAA8/f//CAAAABQAAAAJAAAAcHVzaGVkX2F0AAAABAAAAG5hbWUAAAAAAAAAAJr///8AAAMACQAAAHB1c2hlZF9hdAAAALL9//8UAAAAQAAAAEgAAAAAAAAKSAAAAAEAAAAEAAAAoP3//wgAAAAUAAAACwAAAGNvbW1pdGVkX2F0AAQAAABuYW1lAAAAAAAAAAAAAAYACAAGAAYAAAAAAAMACwAAAGNvbW1pdGVkX2F0AB7+//8UAAAARAAAAEQAAAAAAAAFQAAAAAEAAAAEAAAADP7//wgAAAAYAAAADgAAAGF1dGhvcl9jb21wYW55AAAEAAAAbmFtZQAAAAAAAAAADP7//w4AAABhdXRob3JfY29tcGFueQAAhv7//xQAAABEAAAARAAAAAAAAAVAAAAAAQAAAAQAAAB0/v//CAAAABgAAAAMAAAAYXV0aG9yX2VtYWlsAAAAAAQAAABuYW1lAAAAAAAAAAB0/v//DAAAAGF1dGhvcl9lbWFpbAAAAADu/v//FAAAAEQAAABEAAAAAAAABUAAAAABAAAABAAAANz+//8IAAAAGAAAAAwAAABhdXRob3JfbG9naW4AAAAABAAAAG5hbWUAAAAAAAAAANz+//8MAAAAYXV0aG9yX2xvZ2luAAAAAFb///8UAAAAPAAAADwAAAAAAAAFOAAAAAEAAAAEAAAARP///wgAAAAQAAAABgAAAGF1dGhvcgAABAAAAG5hbWUAAAAAAAAAADz///8GAAAAYXV0aG9yAACu////FAAAADgAAAA4AAAAAAAABTQAAAABAAAABAAAAJz///8IAAAADAAAAAIAAABpZAAABAAAAG5hbWUAAAAAAAAAAJD///8CAAAAaWQAAAAAEgAYABQAAAATAAwAAAAIAAQAEgAAABQAAABEAAAASAAAAAAAAAVEAAAAAQAAAAwAAAAIAAwACAAEAAgAAAAIAAAAEAAAAAQAAABuYW1lAAAAAAQAAABuYW1lAAAAAAAAAAAEAAQABAAAAAQAAABuYW1lAAAAAAAEAABBUlJPVzE=
